{
    "test-dataset_simpleaf_aligner": {
        "content": [
            "Sample_X_raw_matrix.seurat.rds:md5,f1369746dbbd49948f4479e6cef9a16d",
            "Sample_X_raw_matrix.sce.rds:md5,6e9e0d6067fdca27645b66df47c6cdc1",
            "Sample_X_raw_matrix.h5ad:md5,5f0ebd309390387e83d228dd23c58449",
            "Sample_Y_raw_matrix.seurat.rds:md5,d064813f865c98e42cc73a82e8dfd3fb",
            "Sample_Y_raw_matrix.sce.rds:md5,010c137155f5b8feed6ea4b853dc12c3",
            "Sample_Y_raw_matrix.h5ad:md5,67989d91f21bc6a33a331dc7c22e050d"
        ],
        "meta": {
            "nf-test": "0.9.2",
            "nextflow": "24.10.4"
        },
        "timestamp": "2025-03-04T16:19:04.605516227"
    }
}