{
    "test-dataset_alevin_aligner": {
        "content": [
            "quants_mat_cols.txt:md5,e9868982c17a330392e38c2a5933cf97",
            "quants_mat.mtx:md5,b8aa7b3c488fd8923de50a3621d4991f",
            "quants_mat_rows.txt:md5,6227df5a13127b71c71fb18cd8574857",
            "quants_mat_cols.txt:md5,e9868982c17a330392e38c2a5933cf97",
            "quants_mat.mtx:md5,54cd12666016adce94c025b2e07f4b02",
            "quants_mat_rows.txt:md5,6b458a7777260ba90eccbe7919df934b",
            "Sample_X_raw_matrix.seurat.rds:md5,708ec66ee15c31c1a09cbaee035a6508",
            "Sample_X_raw_matrix.sce.rds:md5,3bed89cd187a3f5385636fd5196ef42d",
            "Sample_Y_raw_matrix.seurat.rds:md5,3f031ff7c50ee2a2e13ea86319892ee5",
            "Sample_Y_raw_matrix.sce.rds:md5,c83e8e04b8fd4bb4d03313a1348686dc"
        ],
        "meta": {
            "nf-test": "0.9.0",
            "nextflow": "24.10.2"
        },
        "timestamp": "2024-11-29T10:17:18.33882659"
    }
}