{
    "test-dataset_cellrangermulti_aligner": {
        "content": [
            "barcodes.tsv.gz:md5,a3937e73aa76a2acff554ca2f81a108d",
            "barcodes.tsv.gz:md5,60c25e3ecc0d185048bad6ee78b03ec5",
            "barcodes.tsv.gz:md5,74ccf55411109ed9c3f2b6f73ae91ddc",
            "barcodes.tsv.gz:md5,5910573c152e8e8bf0b02547440c37a2",
            "barcodes.tsv.gz:md5,38f51384d30e3b17d8de54aeac6c1ade",
            "barcodes.tsv.gz:md5,23f4f5264971fe924da6d93016a9747d",
            "barcodes.tsv.gz:md5,e7f625d70338d98ff8e8736e35338770",
            "barcodes.tsv.gz:md5,5088a4668ec6c06b357e54ea61a2266a",
            "barcodes.tsv.gz:md5,6d34a94fa5fc5cab362dbb1b5c8ed5d6",
            "barcodes.tsv.gz:md5,177c1fbf4052a9cee2019179f51d9294",
            "barcodes.tsv.gz:md5,e7ca00fa3842c7e6ed855fb901444637",
            "barcodes.tsv.gz:md5,34ab4b3fa95147486f612eb13f1b3b4d",
            "barcodes.tsv.gz:md5,77c7e40eccfb2290b3219df0df674048",
            "barcodes.tsv.gz:md5,9dda3086ee5dee42dbbd7139c87522fd",
            "barcodes.tsv.gz:md5,a5294c876fa976c7bb84dcd580cb42d5",
            "barcodes.tsv.gz:md5,2035ad842ed2fd904cb4e5913a9a8400",
            "features.tsv.gz:md5,4a1a9128710210bb76622abf8aebfda6",
            "features.tsv.gz:md5,65f3b800faad02a0f244427051498b95",
            "features.tsv.gz:md5,4a1a9128710210bb76622abf8aebfda6",
            "features.tsv.gz:md5,65f3b800faad02a0f244427051498b95",
            "features.tsv.gz:md5,4a1a9128710210bb76622abf8aebfda6",
            "features.tsv.gz:md5,65f3b800faad02a0f244427051498b95",
            "features.tsv.gz:md5,4a1a9128710210bb76622abf8aebfda6",
            "features.tsv.gz:md5,65f3b800faad02a0f244427051498b95",
            "features.tsv.gz:md5,4a1a9128710210bb76622abf8aebfda6",
            "features.tsv.gz:md5,a5781c6331d8b63153bbca34b6942020",
            "features.tsv.gz:md5,a5781c6331d8b63153bbca34b6942020",
            "features.tsv.gz:md5,824fe0b73fc8a383152a792f84f6ca84",
            "features.tsv.gz:md5,824fe0b73fc8a383152a792f84f6ca84",
            "features.tsv.gz:md5,824fe0b73fc8a383152a792f84f6ca84",
            "features.tsv.gz:md5,a5781c6331d8b63153bbca34b6942020",
            "features.tsv.gz:md5,a5781c6331d8b63153bbca34b6942020",
            "matrix.mtx.gz:md5,e954dedc5b922d0c3efc695ebe773cc2",
            "matrix.mtx.gz:md5,e5ad2d633e388a60a73be1c7af0211bb",
            "matrix.mtx.gz:md5,6232400cf08f7510163210e7fb394879",
            "matrix.mtx.gz:md5,d7eb146e7ad9fc0611156e6d3014c191",
            "matrix.mtx.gz:md5,2634ecec8a09abaaf1f9ca1c6aa6a007",
            "matrix.mtx.gz:md5,b0616658c40715fdb7da585e1639911f",
            "matrix.mtx.gz:md5,dc926848695d6e90fc4042aa82ed971d",
            "matrix.mtx.gz:md5,cd3ba4229bef7b73845714cb09e49490",
            "matrix.mtx.gz:md5,8a60488142e4c828046523571dfb7cbb",
            "matrix.mtx.gz:md5,a75e2adb76265842c0377254da22db04",
            "matrix.mtx.gz:md5,b714077efbdf9490b3883a1b337dba2e",
            "matrix.mtx.gz:md5,156c99e53fcf54624f321c5a937bfd2e",
            "matrix.mtx.gz:md5,480aee4457d337eb3cfc742a2fe06230",
            "matrix.mtx.gz:md5,d1206622e68fe0eb7ce33b3b3f453d1a",
            "matrix.mtx.gz:md5,d26136eccdb380b6f4636a32e1124ff2",
            "matrix.mtx.gz:md5,edd17c8ed762725b283bca41269d989a",
            "metrics_summary.csv:md5,ebc5764b737c58b8e448eae9a51012fb",
            "metrics_summary.csv:md5,01d39c736a9c0377e7315a3cbaf1e200",
            "metrics_summary.csv:md5,3d232f44ab074e8709eb3384a1e5e85b",
            "metrics_summary.csv:md5,fb2b456c5d9e072069d3634bac744514",
            "metrics_summary.csv:md5,64fcad7adc2e30fa9fb3127e01c7b53a",
            "metrics_summary.csv:md5,d14d385df3e8e61c924a30cd5b959b86",
            "metrics_summary.csv:md5,bcd7e1d1854e31a4968d5876eab7d64a",
            "metrics_summary.csv:md5,98d9d9617c2ca4f614614568e4371d44",
            "4PLEX_HUMAN_raw_matrix.seurat.rds:md5,acc22e948a2250907897f79e008ff3ea",
            "4PLEX_HUMAN_raw_matrix.sce.rds:md5,084ac812ebb69ca3152abd2c7226d739",
            "Colorectal_BC3_raw_matrix.seurat.rds:md5,0d6a6222daf2b03cba426cb80b86914c",
            "Colorectal_BC3_raw_matrix.sce.rds:md5,b00d8244f06eef3e5d0fae39c9e14196",
            "Colorectal_BC3_filtered_matrix.seurat.rds:md5,554e8c02aabc9935f7f60b4ccd95790d",
            "Colorectal_BC3_filtered_matrix.sce.rds:md5,d18364082406728404deefd7e163e758",
            "Liver_BC1_raw_matrix.seurat.rds:md5,826973ce82225e8942a823e18dbe01fd",
            "Liver_BC1_raw_matrix.sce.rds:md5,4806e7f7e00af77c9eb0e2666cedc96c",
            "Liver_BC1_filtered_matrix.seurat.rds:md5,958cb86208fa8241f84452b92061b534",
            "Liver_BC1_filtered_matrix.sce.rds:md5,315bee1c2cfbebd58fbe070756fa578e",
            "Ovarian_BC2_raw_matrix.seurat.rds:md5,f107fd3e315a04aec3e6e53650c456f8",
            "Ovarian_BC2_raw_matrix.sce.rds:md5,e30869371d77941b1d009fd6983b5c43",
            "Ovarian_BC2_filtered_matrix.seurat.rds:md5,c2f00ae90a958938197666f2642697f1",
            "Ovarian_BC2_filtered_matrix.sce.rds:md5,0852d41a76b05cae1b6ee8359b7fcb15",
            "PBMC_10K_raw_matrix.seurat.rds:md5,97d5d0bc88db1df05b7effcb9dbb31cc",
            "PBMC_10K_raw_matrix.sce.rds:md5,4b3fe0fbda8a80eafc372bd895c26ec0",
            "PBMC_10K_filtered_matrix.seurat.rds:md5,dc780d878e2abae61b10eba5218116b8",
            "PBMC_10K_filtered_matrix.sce.rds:md5,1f2f3072ede853dd5f6c47821fc39543",
            "PBMC_10K_CMO_raw_matrix.seurat.rds:md5,079695fa7ca1190a8467c40ea906ab55",
            "PBMC_10K_CMO_raw_matrix.sce.rds:md5,1b5f531b29b6f35a2fc17e8e679b1f38",
            "PBMC_10K_CMO_PBMCs_human_1_filtered_matrix.seurat.rds:md5,8dc6983ed48e114e997111bb9a3cb08d",
            "PBMC_10K_CMO_PBMCs_human_1_filtered_matrix.sce.rds:md5,343dff9ef666aceafc5bc3f5da4dfb67",
            "PBMC_10K_CMO_PBMCs_human_2_filtered_matrix.seurat.rds:md5,d1d8205885be044a721295205e34aeea",
            "PBMC_10K_CMO_PBMCs_human_2_filtered_matrix.sce.rds:md5,a6598288ca1afd8590e25ea3095de929",
            "PBMC_10K_CMV_raw_matrix.seurat.rds:md5,7b731e32655cace681ace140e3ef9af3",
            "PBMC_10K_CMV_raw_matrix.sce.rds:md5,75baf36779b04ed941b97b644125a2ff",
            "PBMC_10K_CMV_filtered_matrix.seurat.rds:md5,4dfa3f7aa87706e23a04248349292dc1",
            "PBMC_10K_CMV_filtered_matrix.sce.rds:md5,cb78864bde8833c2e6323ff01eef3c15",
            "Pancreas_BC4_raw_matrix.seurat.rds:md5,7f972f40b05824a3cff5449a8f9f8b61",
            "Pancreas_BC4_raw_matrix.sce.rds:md5,4af114f068fc9bab8cceb3f25a9b6d9a",
            "Pancreas_BC4_filtered_matrix.seurat.rds:md5,83b0c41b147c45ce0204eb14e6bca9d9",
            "Pancreas_BC4_filtered_matrix.sce.rds:md5,b22101dc4bd007f03d5254e0211961fd"
        ],
        "meta": {
            "nf-test": "0.9.0",
            "nextflow": "24.10.2"
        },
        "timestamp": "2024-11-29T14:57:39.288233009"
    }
}